// Vitest Snapshot v1, https://vitest.dev/guide/snapshot.html

exports[`api > fetchResult > handles 200 response OK 1`] = `
{
  "build_config": {
    "build_command": "npm run build",
    "destination_dir": "build",
    "root_dir": "/",
    "web_analytics_tag": "cee1c73f6e4743d0b5e6bb1a0bcaabcc",
    "web_analytics_token": "021e1057c18547eca7b79f2516f06o7x",
  },
  "canonical_deployment": null,
  "created_on": "2017-01-01T00:00:00Z",
  "deployment_configs": {
    "preview": {
      "analytics_engine_datasets": {
        "ANALYTICS_ENGINE_BINDING": {
          "dataset": "api_analytics",
        },
      },
      "compatibility_date": "2022-01-01",
      "compatibility_flags": [
        "url_standard",
      ],
      "d1_databases": {
        "D1_BINDING": {
          "id": "445e2955-951a-43f8-a35b-a4d0c8138f63",
        },
      },
      "durable_object_namespaces": {
        "DO_BINDING": {
          "namespace_id": "5eb63bbbe01eeed093cb22bb8f5acdc3",
        },
      },
      "env_vars": {
        "ENVIRONMENT_VARIABLE": {
          "type": "plain_text",
          "value": "hello world",
        },
      },
      "kv_namespaces": {
        "KV_BINDING": {
          "namespace_id": "5eb63bbbe01eeed093cb22bb8f5acdc3",
        },
      },
      "placement": {
        "mode": "smart",
      },
      "queue_producers": {
        "QUEUE_PRODUCER_BINDING": {
          "name": "some-queue",
        },
      },
      "r2_buckets": {
        "R2_BINDING": {
          "name": "some-bucket",
        },
      },
      "service_bindings": {
        "SERVICE_BINDING": {
          "environment": "production",
          "service": "example-worker",
        },
      },
    },
    "production": {
      "analytics_engine_datasets": {
        "ANALYTICS_ENGINE_BINDING": {
          "dataset": "api_analytics",
        },
      },
      "compatibility_date": "2022-01-01",
      "compatibility_flags": [
        "url_standard",
      ],
      "d1_databases": {
        "D1_BINDING": {
          "id": "445e2955-951a-43f8-a35b-a4d0c8138f63",
        },
      },
      "durable_object_namespaces": {
        "DO_BINDING": {
          "namespace_id": "5eb63bbbe01eeed093cb22bb8f5acdc3",
        },
      },
      "env_vars": {
        "ENVIRONMENT_VARIABLE": {
          "type": "plain_text",
          "value": "hello world",
        },
      },
      "kv_namespaces": {
        "KV_BINDING": {
          "namespace_id": "5eb63bbbe01eeed093cb22bb8f5acdc3",
        },
      },
      "placement": {
        "mode": "smart",
      },
      "queue_producers": {
        "QUEUE_PRODUCER_BINDING": {
          "name": "some-queue",
        },
      },
      "r2_buckets": {
        "R2_BINDING": {
          "name": "some-bucket",
        },
      },
      "service_bindings": {
        "SERVICE_BINDING": {
          "environment": "production",
          "service": "example-worker",
        },
      },
    },
  },
  "domains": [
    "customdomain.com",
    "customdomain.org",
  ],
  "id": "7b162ea7-7367-4d67-bcde-1160995d5",
  "latest_deployment": null,
  "name": "NextJS Blog",
  "production_branch": "main",
  "source": null,
  "subdomain": "helloworld.pages.dev",
}
`;
